Archive member included because of file (symbol)

/usr/lib/gcc/avr/4.3.5/avr5/libgcc.a(_udivmodqi4.o)
                              main.o (__udivmodqi4)
/usr/lib/gcc/avr/4.3.5/avr5/libgcc.a(_udivmodhi4.o)
                              main.o (__udivmodhi4)
/usr/lib/gcc/avr/4.3.5/avr5/libgcc.a(_divmodhi4.o)
                              main.o (__divmodhi4)
/usr/lib/gcc/avr/4.3.5/avr5/libgcc.a(_prologue.o)
                              main.o (__prologue_saves__)
/usr/lib/gcc/avr/4.3.5/avr5/libgcc.a(_epilogue.o)
                              main.o (__epilogue_restores__)
/usr/lib/gcc/avr/4.3.5/avr5/libgcc.a(_exit.o)
                              /usr/lib/gcc/avr/4.3.5/../../../avr/lib/avr5/crtm328p.o (exit)
/usr/lib/gcc/avr/4.3.5/avr5/libgcc.a(_copy_data.o)
                              main.o (__do_copy_data)
/usr/lib/gcc/avr/4.3.5/avr5/libgcc.a(_clear_bss.o)
                              main.o (__do_clear_bss)
/usr/lib/gcc/avr/4.3.5/../../../avr/lib/avr5/libc.a(atoi.o)
                              main.o (atoi)
/usr/lib/gcc/avr/4.3.5/../../../avr/lib/avr5/libc.a(strncmp.o)
                              main.o (strncmp)
/usr/lib/gcc/avr/4.3.5/../../../avr/lib/avr5/libc.a(itoa.o)
                              main.o (itoa)
/usr/lib/gcc/avr/4.3.5/../../../avr/lib/avr5/libc.a(mul10.o)
                              /usr/lib/gcc/avr/4.3.5/../../../avr/lib/avr5/libc.a(atoi.o) (__mulhi_const_10)
/usr/lib/gcc/avr/4.3.5/../../../avr/lib/avr5/libc.a(eerd_byte_atmega328p.o)
                              main.o (__eerd_byte_m328p)
/usr/lib/gcc/avr/4.3.5/../../../avr/lib/avr5/libc.a(eewr_byte_atmega328p.o)
                              main.o (__eewr_byte_m328p)
/usr/lib/gcc/avr/4.3.5/../../../avr/lib/avr5/libc.a(strrev.o)
                              /usr/lib/gcc/avr/4.3.5/../../../avr/lib/avr5/libc.a(itoa.o) (strrev)

Allocating common symbols
Common symbol       size              file

gTempval_raw        0x2               main.o
gSensorErrors       0x1               main.o
gHumival_raw        0x2               main.o

Memory Configuration

Name             Origin             Length             Attributes
text             0x00000000         0x00020000         xr
data             0x00800060         0x0000ffa0         rw !x
eeprom           0x00810000         0x00010000         rw !x
fuse             0x00820000         0x00000400         rw !x
lock             0x00830000         0x00000400         rw !x
signature        0x00840000         0x00000400         rw !x
*default*        0x00000000         0xffffffff

Linker script and memory map

Address of section .data set to 0x800100
LOAD /usr/lib/gcc/avr/4.3.5/../../../avr/lib/avr5/crtm328p.o
LOAD main.o
LOAD ip_arp_udp_tcp.o
LOAD enc28j60.o
LOAD websrv_help_functions.o
LOAD sensirion_protocol.o
LOAD crc8.o
LOAD onewire.o
LOAD ds18x20.o
LOAD /usr/lib/gcc/avr/4.3.5/avr5/libgcc.a
LOAD /usr/lib/gcc/avr/4.3.5/../../../avr/lib/avr5/libc.a
LOAD /usr/lib/gcc/avr/4.3.5/avr5/libgcc.a

.hash
 *(.hash)

.dynsym
 *(.dynsym)

.dynstr
 *(.dynstr)

.gnu.version
 *(.gnu.version)

.gnu.version_d
 *(.gnu.version_d)

.gnu.version_r
 *(.gnu.version_r)

.rel.init
 *(.rel.init)

.rela.init
 *(.rela.init)

.rel.text
 *(.rel.text)
 *(.rel.text.*)
 *(.rel.gnu.linkonce.t*)

.rela.text
 *(.rela.text)
 *(.rela.text.*)
 *(.rela.gnu.linkonce.t*)

.rel.fini
 *(.rel.fini)

.rela.fini
 *(.rela.fini)

.rel.rodata
 *(.rel.rodata)
 *(.rel.rodata.*)
 *(.rel.gnu.linkonce.r*)

.rela.rodata
 *(.rela.rodata)
 *(.rela.rodata.*)
 *(.rela.gnu.linkonce.r*)

.rel.data
 *(.rel.data)
 *(.rel.data.*)
 *(.rel.gnu.linkonce.d*)

.rela.data
 *(.rela.data)
 *(.rela.data.*)
 *(.rela.gnu.linkonce.d*)

.rel.ctors
 *(.rel.ctors)

.rela.ctors
 *(.rela.ctors)

.rel.dtors
 *(.rel.dtors)

.rela.dtors
 *(.rela.dtors)

.rel.got
 *(.rel.got)

.rela.got
 *(.rela.got)

.rel.bss
 *(.rel.bss)

.rela.bss
 *(.rela.bss)

.rel.plt
 *(.rel.plt)

.rela.plt
 *(.rela.plt)

.text           0x00000000     0x3a6c
 *(.vectors)
 .vectors       0x00000000       0x68 /usr/lib/gcc/avr/4.3.5/../../../avr/lib/avr5/crtm328p.o
                0x00000000                __vectors
                0x00000000                __vector_default
 *(.vectors)
 *(.progmem.gcc*)
 *(.progmem*)
 .progmem.data  0x00000068      0xc22 main.o
 .progmem.data  0x00000c8a        0x8 ip_arp_udp_tcp.o
                0x00000c8a                arpreqhdr
 .progmem.data  0x00000c92       0x39 ds18x20.o
                0x00000ccc                . = ALIGN (0x2)
 *fill*         0x00000ccb        0x1 00
                0x00000ccc                __trampolines_start = .
 *(.trampolines)
 .trampolines   0x00000ccc        0x0 linker stubs
 *(.trampolines*)
                0x00000ccc                __trampolines_end = .
 *(.jumptables)
 *(.jumptables*)
 *(.lowtext)
 *(.lowtext*)
                0x00000ccc                __ctors_start = .
 *(.ctors)
                0x00000ccc                __ctors_end = .
                0x00000ccc                __dtors_start = .
 *(.dtors)
                0x00000ccc                __dtors_end = .
 SORT(*)(.ctors)
 SORT(*)(.dtors)
 *(.init0)
 .init0         0x00000ccc        0x0 /usr/lib/gcc/avr/4.3.5/../../../avr/lib/avr5/crtm328p.o
                0x00000ccc                __init
 *(.init0)
 *(.init1)
 *(.init1)
 *(.init2)
 .init2         0x00000ccc        0xc /usr/lib/gcc/avr/4.3.5/../../../avr/lib/avr5/crtm328p.o
 *(.init2)
 *(.init3)
 *(.init3)
 *(.init4)
 .init4         0x00000cd8       0x16 /usr/lib/gcc/avr/4.3.5/avr5/libgcc.a(_copy_data.o)
                0x00000cd8                __do_copy_data
 .init4         0x00000cee       0x10 /usr/lib/gcc/avr/4.3.5/avr5/libgcc.a(_clear_bss.o)
                0x00000cee                __do_clear_bss
 *(.init4)
 *(.init5)
 *(.init5)
 *(.init6)
 *(.init6)
 *(.init7)
 *(.init7)
 *(.init8)
 *(.init8)
 *(.init9)
 .init9         0x00000cfe        0x8 /usr/lib/gcc/avr/4.3.5/../../../avr/lib/avr5/crtm328p.o
 *(.init9)
 *(.text)
 .text          0x00000d06        0x4 /usr/lib/gcc/avr/4.3.5/../../../avr/lib/avr5/crtm328p.o
                0x00000d06                __vector_22
                0x00000d06                __vector_1
                0x00000d06                __vector_24
                0x00000d06                __vector_12
                0x00000d06                __bad_interrupt
                0x00000d06                __vector_6
                0x00000d06                __vector_3
                0x00000d06                __vector_23
                0x00000d06                __vector_25
                0x00000d06                __vector_11
                0x00000d06                __vector_13
                0x00000d06                __vector_17
                0x00000d06                __vector_19
                0x00000d06                __vector_5
                0x00000d06                __vector_4
                0x00000d06                __vector_9
                0x00000d06                __vector_2
                0x00000d06                __vector_21
                0x00000d06                __vector_15
                0x00000d06                __vector_8
                0x00000d06                __vector_14
                0x00000d06                __vector_10
                0x00000d06                __vector_16
                0x00000d06                __vector_18
                0x00000d06                __vector_20
 .text          0x00000d0a     0x1190 main.o
                0x00000d0a                c2f
                0x00000d2e                __vector_7
                0x00000d70                init_cnt2
                0x00000d9a                roundanddivide
                0x00000db0                read_dat
                0x00000dc6                http200okjs
                0x00000dd8                print_p2_js
                0x00000e00                print_p1_js
                0x00000e28                http200ok
                0x00000e3a                print_webpage_relay
                0x00000ef4                onewire_search_sensors
                0x00000f54                onewire_start_temp_meas
                0x00000f6c                onewire_read_temp_meas
                0x00001028                store_dat
                0x00001044                store_graph_dat
                0x0000114c                init_store_dat
                0x00001182                fill_tcp_data_int
                0x000011ba                print_webpage_graph
                0x000012c0                print_webpage_graph_array
                0x0000138c                print_webpage_config
                0x0000140a                adddecimalpoint2
                0x0000147e                print_webpage_sensordetails
                0x000018e2                verify_password
                0x0000190a                analyse_get_url
                0x00001c18                main
 .text          0x00001e9a      0x740 ip_arp_udp_tcp.o
                0x00001e9a                checksum
                0x00001f84                init_ip_arp_udp_tcp
                0x00001fd4                check_ip_message_is_from
                0x00002000                eth_type_is_arp_and_my_ip
                0x00002038                eth_type_is_ip_and_my_ip
                0x00002078                make_eth
                0x00002092                fill_ip_hdr_checksum
                0x000020c0                make_ip
                0x000020e2                step_seq
                0x0000210c                make_tcphead
                0x0000213a                get_tcp_data_len
                0x00002170                fill_tcp_data_p
                0x00002196                fill_tcp_data_len
                0x000021bc                register_ping_rec_callback
                0x000021c6                make_tcp_ack_with_data_noflags
                0x00002216                make_tcp_ack_from_any
                0x00002284                www_server_reply
                0x000022b6                make_tcp_synack_from_syn
                0x0000233c                make_udp_reply_from_request
                0x000023da                make_echo_reply_from_request
                0x0000242a                make_arp_answer_from_request
                0x00002492                packetloop_icmp_tcp
                0x00002598                fill_tcp_data
 .text          0x000025da      0x564 enc28j60.o
                0x000025da                enc28j60ReadOp
                0x00002604                enc28j60WriteOp
                0x0000261e                enc28j60ReadBuffer
                0x00002654                enc28j60WriteBuffer
                0x00002680                enc28j60SetBank
                0x000026d6                enc28j60Read
                0x000026ea                enc28j60Write
                0x00002714                enc28j60PhyReadH
                0x00002746                enc28j60PhyWrite
                0x00002782                enc28j60clkout
                0x0000278e                enc28j60Init
                0x00002914                enc28j60getrev
                0x00002922                enc28j60linkup
                0x00002934                enc28j60PacketSend
                0x00002a18                enc28j60hasRxPkt
                0x00002a24                enc28j60PacketReceive
 .text          0x00002b3e      0x22a websrv_help_functions.o
                0x00002b3e                find_key_val
                0x00002bd6                h2int
                0x00002bfa                urldecode
                0x00002c7e                mk_net_str
                0x00002ce0                parse_ip
 .text          0x00002d68      0x63a sensirion_protocol.o
                0x00002d68                computeCRC8
                0x00002d8c                bitswapbyte
                0x00002da2                s_write_byte
                0x00002e84                s_read_byte
                0x00002f6c                s_transstart
                0x00003018                s_connectionreset
                0x0000307e                s_softreset
                0x00003092                s_measure
                0x000030bc                s_resultready
                0x000030dc                s_readmeasurement
                0x000031c8                calc_sth11_temp
                0x000031da                rhcalc_int
                0x0000323c                calc_sth11_humi
                0x00003262                log10_approx
                0x0000330a                calc_dewpoint
 .text          0x000033a2       0x40 crc8.o
                0x000033a2                crc8
 .text          0x000033e2      0x1ce onewire.o
                0x000033e2                ow_delay_us
                0x000033f4                ow_input_pin_state
                0x00003406                ow_reset
                0x0000346e                ow_bit_io
                0x000034b8                ow_byte_wr
                0x000034da                ow_byte_rd
                0x000034e2                ow_rom_search
                0x00003572                ow_command
 .text          0x000035b0      0x2ee ds18x20.o
                0x000035b0                DS18X20_meas_to_cel
                0x0000364e                DS18X20_frac_bits_decimal
                0x0000366a                DS18X20_start_meas
                0x00003690                DS18X20_read_scratchpad
                0x000036d8                DS18X20_read_meas
                0x0000374c                DS18X20_find_sensor
                0x0000378c                DS18X20_show_id_print_buf
 .text          0x0000389e        0x0 /usr/lib/gcc/avr/4.3.5/avr5/libgcc.a(_udivmodqi4.o)
 .text          0x0000389e        0x0 /usr/lib/gcc/avr/4.3.5/avr5/libgcc.a(_udivmodhi4.o)
 .text          0x0000389e        0x0 /usr/lib/gcc/avr/4.3.5/avr5/libgcc.a(_divmodhi4.o)
 .text          0x0000389e        0x0 /usr/lib/gcc/avr/4.3.5/avr5/libgcc.a(_prologue.o)
 .text          0x0000389e        0x0 /usr/lib/gcc/avr/4.3.5/avr5/libgcc.a(_epilogue.o)
 .text          0x0000389e        0x0 /usr/lib/gcc/avr/4.3.5/avr5/libgcc.a(_exit.o)
 .text          0x0000389e        0x0 /usr/lib/gcc/avr/4.3.5/avr5/libgcc.a(_copy_data.o)
 .text          0x0000389e        0x0 /usr/lib/gcc/avr/4.3.5/avr5/libgcc.a(_clear_bss.o)
 .text          0x0000389e        0x0 /usr/lib/gcc/avr/4.3.5/../../../avr/lib/avr5/libc.a(atoi.o)
 .text          0x0000389e        0x0 /usr/lib/gcc/avr/4.3.5/../../../avr/lib/avr5/libc.a(strncmp.o)
 .text          0x0000389e        0x0 /usr/lib/gcc/avr/4.3.5/../../../avr/lib/avr5/libc.a(itoa.o)
 .text          0x0000389e        0x0 /usr/lib/gcc/avr/4.3.5/../../../avr/lib/avr5/libc.a(mul10.o)
 .text          0x0000389e        0x0 /usr/lib/gcc/avr/4.3.5/../../../avr/lib/avr5/libc.a(eerd_byte_atmega328p.o)
 .text          0x0000389e        0x0 /usr/lib/gcc/avr/4.3.5/../../../avr/lib/avr5/libc.a(eewr_byte_atmega328p.o)
 .text          0x0000389e        0x0 /usr/lib/gcc/avr/4.3.5/../../../avr/lib/avr5/libc.a(strrev.o)
                0x0000389e                . = ALIGN (0x2)
 *(.text.*)
 .text.libgcc   0x0000389e       0x18 /usr/lib/gcc/avr/4.3.5/avr5/libgcc.a(_udivmodqi4.o)
                0x0000389e                __udivmodqi4
 .text.libgcc   0x000038b6       0x28 /usr/lib/gcc/avr/4.3.5/avr5/libgcc.a(_udivmodhi4.o)
                0x000038b6                __udivmodhi4
 .text.libgcc   0x000038de       0x26 /usr/lib/gcc/avr/4.3.5/avr5/libgcc.a(_divmodhi4.o)
                0x000038de                __divmodhi4
                0x000038de                _div
 .text.libgcc   0x00003904       0x38 /usr/lib/gcc/avr/4.3.5/avr5/libgcc.a(_prologue.o)
                0x00003904                __prologue_saves__
 .text.libgcc   0x0000393c       0x36 /usr/lib/gcc/avr/4.3.5/avr5/libgcc.a(_epilogue.o)
                0x0000393c                __epilogue_restores__
 .text.libgcc   0x00003972        0x0 /usr/lib/gcc/avr/4.3.5/avr5/libgcc.a(_exit.o)
 .text.libgcc   0x00003972        0x0 /usr/lib/gcc/avr/4.3.5/avr5/libgcc.a(_copy_data.o)
 .text.libgcc   0x00003972        0x0 /usr/lib/gcc/avr/4.3.5/avr5/libgcc.a(_clear_bss.o)
 .text.avr-libc
                0x00003972       0x3c /usr/lib/gcc/avr/4.3.5/../../../avr/lib/avr5/libc.a(atoi.o)
                0x00003972                atoi
 .text.avr-libc
                0x000039ae       0x1c /usr/lib/gcc/avr/4.3.5/../../../avr/lib/avr5/libc.a(strncmp.o)
                0x000039ae                strncmp
 .text.avr-libc
                0x000039ca       0x42 /usr/lib/gcc/avr/4.3.5/../../../avr/lib/avr5/libc.a(itoa.o)
                0x000039ca                itoa
 .text.avr-libc
                0x00003a0c       0x10 /usr/lib/gcc/avr/4.3.5/../../../avr/lib/avr5/libc.a(mul10.o)
                0x00003a0c                __mulhi_const_10
 .text.avr-libc
                0x00003a1c       0x10 /usr/lib/gcc/avr/4.3.5/../../../avr/lib/avr5/libc.a(eerd_byte_atmega328p.o)
                0x00003a1c                __eerd_byte_m328p
 .text.avr-libc
                0x00003a2c       0x1c /usr/lib/gcc/avr/4.3.5/../../../avr/lib/avr5/libc.a(eewr_byte_atmega328p.o)
                0x00003a2c                __eewr_byte_m328p
                0x00003a2e                __eewr_r18_m328p
 .text.avr-libc
                0x00003a48       0x20 /usr/lib/gcc/avr/4.3.5/../../../avr/lib/avr5/libc.a(strrev.o)
                0x00003a48                strrev
                0x00003a68                . = ALIGN (0x2)
 *(.fini9)
 .fini9         0x00003a68        0x0 /usr/lib/gcc/avr/4.3.5/avr5/libgcc.a(_exit.o)
                0x00003a68                exit
                0x00003a68                _exit
 *(.fini9)
 *(.fini8)
 *(.fini8)
 *(.fini7)
 *(.fini7)
 *(.fini6)
 *(.fini6)
 *(.fini5)
 *(.fini5)
 *(.fini4)
 *(.fini4)
 *(.fini3)
 *(.fini3)
 *(.fini2)
 *(.fini2)
 *(.fini1)
 *(.fini1)
 *(.fini0)
 .fini0         0x00003a68        0x4 /usr/lib/gcc/avr/4.3.5/avr5/libgcc.a(_exit.o)
 *(.fini0)
                0x00003a6c                _etext = .

.data           0x00800100       0x64 load address 0x00003a6c
                0x00800100                PROVIDE (__data_start, .)
 *(.data)
 .data          0x00800100        0x0 /usr/lib/gcc/avr/4.3.5/../../../avr/lib/avr5/crtm328p.o
 .data          0x00800100       0x55 main.o
                0x0080013d                limitTempTop
                0x0080013f                limitTempBottom
 .data          0x00800155        0x2 ip_arp_udp_tcp.o
 .data          0x00800157        0x0 enc28j60.o
 .data          0x00800157        0x0 websrv_help_functions.o
 .data          0x00800157        0xc sensirion_protocol.o
 .data          0x00800163        0x0 crc8.o
 .data          0x00800163        0x0 onewire.o
 .data          0x00800163        0x0 ds18x20.o
 .data          0x00800163        0x0 /usr/lib/gcc/avr/4.3.5/avr5/libgcc.a(_udivmodqi4.o)
 .data          0x00800163        0x0 /usr/lib/gcc/avr/4.3.5/avr5/libgcc.a(_udivmodhi4.o)
 .data          0x00800163        0x0 /usr/lib/gcc/avr/4.3.5/avr5/libgcc.a(_divmodhi4.o)
 .data          0x00800163        0x0 /usr/lib/gcc/avr/4.3.5/avr5/libgcc.a(_prologue.o)
 .data          0x00800163        0x0 /usr/lib/gcc/avr/4.3.5/avr5/libgcc.a(_epilogue.o)
 .data          0x00800163        0x0 /usr/lib/gcc/avr/4.3.5/avr5/libgcc.a(_exit.o)
 .data          0x00800163        0x0 /usr/lib/gcc/avr/4.3.5/avr5/libgcc.a(_copy_data.o)
 .data          0x00800163        0x0 /usr/lib/gcc/avr/4.3.5/avr5/libgcc.a(_clear_bss.o)
 .data          0x00800163        0x0 /usr/lib/gcc/avr/4.3.5/../../../avr/lib/avr5/libc.a(atoi.o)
 .data          0x00800163        0x0 /usr/lib/gcc/avr/4.3.5/../../../avr/lib/avr5/libc.a(strncmp.o)
 .data          0x00800163        0x0 /usr/lib/gcc/avr/4.3.5/../../../avr/lib/avr5/libc.a(itoa.o)
 .data          0x00800163        0x0 /usr/lib/gcc/avr/4.3.5/../../../avr/lib/avr5/libc.a(mul10.o)
 .data          0x00800163        0x0 /usr/lib/gcc/avr/4.3.5/../../../avr/lib/avr5/libc.a(eerd_byte_atmega328p.o)
 .data          0x00800163        0x0 /usr/lib/gcc/avr/4.3.5/../../../avr/lib/avr5/libc.a(eewr_byte_atmega328p.o)
 .data          0x00800163        0x0 /usr/lib/gcc/avr/4.3.5/../../../avr/lib/avr5/libc.a(strrev.o)
 *(.data*)
 *(.rodata)
 *(.rodata*)
 *(.gnu.linkonce.d*)
                0x00800164                . = ALIGN (0x2)
 *fill*         0x00800163        0x1 00
                0x00800164                _edata = .
                0x00800164                PROVIDE (__data_end, .)

.bss            0x00800164      0x2d3
                0x00800164                PROVIDE (__bss_start, .)
 *(.bss)
 .bss           0x00800164        0x0 /usr/lib/gcc/avr/4.3.5/../../../avr/lib/avr5/crtm328p.o
 .bss           0x00800164      0x2b8 main.o
                0x00800164                gAllSensorsReadOnce
                0x00800165                switchStateTarget
 .bss           0x0080041c        0xf ip_arp_udp_tcp.o
 .bss           0x0080042b        0x3 enc28j60.o
 .bss           0x0080042e        0x0 websrv_help_functions.o
 .bss           0x0080042e        0x4 sensirion_protocol.o
 .bss           0x00800432        0x0 crc8.o
 .bss           0x00800432        0x0 onewire.o
 .bss           0x00800432        0x0 ds18x20.o
 .bss           0x00800432        0x0 /usr/lib/gcc/avr/4.3.5/avr5/libgcc.a(_udivmodqi4.o)
 .bss           0x00800432        0x0 /usr/lib/gcc/avr/4.3.5/avr5/libgcc.a(_udivmodhi4.o)
 .bss           0x00800432        0x0 /usr/lib/gcc/avr/4.3.5/avr5/libgcc.a(_divmodhi4.o)
 .bss           0x00800432        0x0 /usr/lib/gcc/avr/4.3.5/avr5/libgcc.a(_prologue.o)
 .bss           0x00800432        0x0 /usr/lib/gcc/avr/4.3.5/avr5/libgcc.a(_epilogue.o)
 .bss           0x00800432        0x0 /usr/lib/gcc/avr/4.3.5/avr5/libgcc.a(_exit.o)
 .bss           0x00800432        0x0 /usr/lib/gcc/avr/4.3.5/avr5/libgcc.a(_copy_data.o)
 .bss           0x00800432        0x0 /usr/lib/gcc/avr/4.3.5/avr5/libgcc.a(_clear_bss.o)
 .bss           0x00800432        0x0 /usr/lib/gcc/avr/4.3.5/../../../avr/lib/avr5/libc.a(atoi.o)
 .bss           0x00800432        0x0 /usr/lib/gcc/avr/4.3.5/../../../avr/lib/avr5/libc.a(strncmp.o)
 .bss           0x00800432        0x0 /usr/lib/gcc/avr/4.3.5/../../../avr/lib/avr5/libc.a(itoa.o)
 .bss           0x00800432        0x0 /usr/lib/gcc/avr/4.3.5/../../../avr/lib/avr5/libc.a(mul10.o)
 .bss           0x00800432        0x0 /usr/lib/gcc/avr/4.3.5/../../../avr/lib/avr5/libc.a(eerd_byte_atmega328p.o)
 .bss           0x00800432        0x0 /usr/lib/gcc/avr/4.3.5/../../../avr/lib/avr5/libc.a(eewr_byte_atmega328p.o)
 .bss           0x00800432        0x0 /usr/lib/gcc/avr/4.3.5/../../../avr/lib/avr5/libc.a(strrev.o)
 *(.bss*)
 *(COMMON)
 COMMON         0x00800432        0x5 main.o
                0x00800432                gTempval_raw
                0x00800434                gSensorErrors
                0x00800435                gHumival_raw
                0x00800437                PROVIDE (__bss_end, .)
                0x00003a6c                __data_load_start = LOADADDR (.data)
                0x00003ad0                __data_load_end = (__data_load_start + SIZEOF (.data))

.noinit         0x00800437        0x0
                0x00800437                PROVIDE (__noinit_start, .)
 *(.noinit*)
                0x00800437                PROVIDE (__noinit_end, .)
                0x00800437                _end = .
                0x00800437                PROVIDE (__heap_start, .)

.eeprom         0x00810000        0x0
 *(.eeprom*)
                0x00810000                __eeprom_end = .

.fuse
 *(.fuse)
 *(.lfuse)
 *(.hfuse)
 *(.efuse)

.lock
 *(.lock*)

.signature
 *(.signature*)

.stab           0x00000000     0x8d18
 *(.stab)
 .stab          0x00000000      0x6b4 /usr/lib/gcc/avr/4.3.5/../../../avr/lib/avr5/crtm328p.o
 .stab          0x000006b4     0x2430 main.o
                               0x243c (size before relaxing)
 .stab          0x00002ae4     0x1794 ip_arp_udp_tcp.o
                               0x17a0 (size before relaxing)
 .stab          0x00004278     0x1158 enc28j60.o
                               0x1314 (size before relaxing)
 .stab          0x000053d0      0x6f0 websrv_help_functions.o
                                0x8dc (size before relaxing)
 .stab          0x00005ac0     0x1710 sensirion_protocol.o
                               0x18cc (size before relaxing)
 .stab          0x000071d0      0x24c crc8.o
                                0x3d8 (size before relaxing)
 .stab          0x0000741c      0xa44 onewire.o
                                0xc00 (size before relaxing)
 .stab          0x00007e60      0x810 ds18x20.o
                                0xab0 (size before relaxing)
 .stab          0x00008670      0x174 /usr/lib/gcc/avr/4.3.5/../../../avr/lib/avr5/libc.a(atoi.o)
                                0x180 (size before relaxing)
 .stab          0x000087e4       0xc0 /usr/lib/gcc/avr/4.3.5/../../../avr/lib/avr5/libc.a(strncmp.o)
                                 0xcc (size before relaxing)
 .stab          0x000088a4      0x1b0 /usr/lib/gcc/avr/4.3.5/../../../avr/lib/avr5/libc.a(itoa.o)
                                0x1bc (size before relaxing)
 .stab          0x00008a54       0x78 /usr/lib/gcc/avr/4.3.5/../../../avr/lib/avr5/libc.a(mul10.o)
                                 0x84 (size before relaxing)
 .stab          0x00008acc       0x90 /usr/lib/gcc/avr/4.3.5/../../../avr/lib/avr5/libc.a(eerd_byte_atmega328p.o)
                                 0x9c (size before relaxing)
 .stab          0x00008b5c       0xe4 /usr/lib/gcc/avr/4.3.5/../../../avr/lib/avr5/libc.a(eewr_byte_atmega328p.o)
                                 0xf0 (size before relaxing)
 .stab          0x00008c40       0xd8 /usr/lib/gcc/avr/4.3.5/../../../avr/lib/avr5/libc.a(strrev.o)
                                 0xe4 (size before relaxing)

.stabstr        0x00000000     0x2c9a
 *(.stabstr)
 .stabstr       0x00000000     0x2c9a /usr/lib/gcc/avr/4.3.5/../../../avr/lib/avr5/crtm328p.o

.stab.excl
 *(.stab.excl)

.stab.exclstr
 *(.stab.exclstr)

.stab.index
 *(.stab.index)

.stab.indexstr
 *(.stab.indexstr)

.comment
 *(.comment)

.debug
 *(.debug)

.line
 *(.line)

.debug_srcinfo
 *(.debug_srcinfo)

.debug_sfnames
 *(.debug_sfnames)

.debug_aranges
 *(.debug_aranges)

.debug_pubnames
 *(.debug_pubnames)

.debug_info
 *(.debug_info)
 *(.gnu.linkonce.wi.*)

.debug_abbrev
 *(.debug_abbrev)

.debug_line
 *(.debug_line)

.debug_frame
 *(.debug_frame)

.debug_str
 *(.debug_str)

.debug_loc
 *(.debug_loc)

.debug_macinfo
 *(.debug_macinfo)
OUTPUT(main.elf elf32-avr)
LOAD linker stubs
